
Nilesh@DESKTOP-L5P4U6B MINGW64 /f/GitTest (main)
$ git status
On branch main
Your branch is up to date with 'origin/main'.

nothing to commit, working tree clean

Nilesh@DESKTOP-L5P4U6B MINGW64 /f/GitTest (main)
$ git checkout master
error: pathspec 'master' did not match any file(s) known to git

Nilesh@DESKTOP-L5P4U6B MINGW64 /f/GitTest (main)
$ git branches
git: 'branches' is not a git command. See 'git --help'.

Nilesh@DESKTOP-L5P4U6B MINGW64 /f/GitTest (main)
$ git branch
* main

Nilesh@DESKTOP-L5P4U6B MINGW64 /f/GitTest (main)
$ git help branch -M
error: unknown switch `M'
usage: git help [--all] [--guides] [--man | --web | --info] [<command>]

    -a, --all             print all available commands
    -g, --guides          print list of useful guides
    -c, --config          print all configuration variable names
    -m, --man             show man page
    -w, --web             show manual in web browser
    -i, --info            show info page
    -v, --verbose         print command description


Nilesh@DESKTOP-L5P4U6B MINGW64 /f/GitTest (main)
$ git help branch

Nilesh@DESKTOP-L5P4U6B MINGW64 /f/GitTest (main)
$ git branch master

Nilesh@DESKTOP-L5P4U6B MINGW64 /f/GitTest (main)
$ git status
On branch main
Your branch is up to date with 'origin/main'.

nothing to commit, working tree clean

Nilesh@DESKTOP-L5P4U6B MINGW64 /f/GitTest (main)
$ git branch master -m
fatal: A branch named 'master' already exists.

Nilesh@DESKTOP-L5P4U6B MINGW64 /f/GitTest (main)
$ git switch master
Switched to branch 'master'

Nilesh@DESKTOP-L5P4U6B MINGW64 /f/GitTest (master)
$ git status
On branch master
nothing to commit, working tree clean

Nilesh@DESKTOP-L5P4U6B MINGW64 /f/GitTest (master)
$ git list
git: 'list' is not a git command. See 'git --help'.

The most similar commands are
        bisect
        rev-list

Nilesh@DESKTOP-L5P4U6B MINGW64 /f/GitTest (master)
$ ls
README.md

Nilesh@DESKTOP-L5P4U6B MINGW64 /f/GitTest (master)
$ git branch
  main
* master

Nilesh@DESKTOP-L5P4U6B MINGW64 /f/GitTest (master)
$ git add readme.md

Nilesh@DESKTOP-L5P4U6B MINGW64 /f/GitTest (master)
$ git commit README.md
On branch master
nothing to commit, working tree clean

Nilesh@DESKTOP-L5P4U6B MINGW64 /f/GitTest (master)
$ git remote add origin https://github.com/bh-nil/GitTest.git
error: remote origin already exists.

Nilesh@DESKTOP-L5P4U6B MINGW64 /f/GitTest (master)
$ git branch main
fatal: A branch named 'main' already exists.

Nilesh@DESKTOP-L5P4U6B MINGW64 /f/GitTest (master)
$ git switch main
Switched to branch 'main'
Your branch is up to date with 'origin/main'.

Nilesh@DESKTOP-L5P4U6B MINGW64 /f/GitTest (main)
$ git remote add origin https://github.com/bh-nil/GitTest.git
error: remote origin already exists.

Nilesh@DESKTOP-L5P4U6B MINGW64 /f/GitTest (main)
$ git remote add origin https://github.com/bh-nil/GitTest2.git
error: remote origin already exists.

Nilesh@DESKTOP-L5P4U6B MINGW64 /f/GitTest (main)
$ git status
On branch main
Your branch is up to date with 'origin/main'.

nothing to commit, working tree clean

Nilesh@DESKTOP-L5P4U6B MINGW64 /f/GitTest (main)
$ touch vendors.txt

Nilesh@DESKTOP-L5P4U6B MINGW64 /f/GitTest (main)
$ git status
On branch main
Your branch is up to date with 'origin/main'.

Untracked files:
  (use "git add <file>..." to include in what will be committed)
        vendors.txt

nothing added to commit but untracked files present (use "git add" to track)

Nilesh@DESKTOP-L5P4U6B MINGW64 /f/GitTest (main)
$ git add vendors.txt

Nilesh@DESKTOP-L5P4U6B MINGW64 /f/GitTest (main)
$ git commit vendors.txt
Aborting commit due to empty commit message.

Nilesh@DESKTOP-L5P4U6B MINGW64 /f/GitTest (main)
$ git commit vendors.txt -m "2nd commit"
[main 76da6f5] 2nd commit
 1 file changed, 0 insertions(+), 0 deletions(-)
 create mode 100644 vendors.txt

Nilesh@DESKTOP-L5P4U6B MINGW64 /f/GitTest (main)
$ git status
On branch main
Your branch is ahead of 'origin/main' by 1 commit.
  (use "git push" to publish your local commits)

nothing to commit, working tree clean

Nilesh@DESKTOP-L5P4U6B MINGW64 /f/GitTest (main)
$ git push
Enumerating objects: 4, done.
Counting objects: 100% (4/4), done.
Delta compression using up to 4 threads
Compressing objects: 100% (2/2), done.
Writing objects: 100% (3/3), 281 bytes | 281.00 KiB/s, done.
Total 3 (delta 0), reused 0 (delta 0), pack-reused 0
To https://github.com/bh-nil/GitTest.git
   421724a..76da6f5  main -> main

Nilesh@DESKTOP-L5P4U6B MINGW64 /f/GitTest (main)
$ git status
On branch main
Your branch is up to date with 'origin/main'.

nothing to commit, working tree clean

Nilesh@DESKTOP-L5P4U6B MINGW64 /f/GitTest (main)
$ open vendors.txt
bash: open: command not found

Nilesh@DESKTOP-L5P4U6B MINGW64 /f/GitTest (main)
$ open -a atom vendors.txt
bash: open: command not found

Nilesh@DESKTOP-L5P4U6B MINGW64 /f/GitTest (main)
$ git status -s

Nilesh@DESKTOP-L5P4U6B MINGW64 /f/GitTest (main)
$ git diff
diff --git a/vendors.txt b/vendors.txt
index e69de29..e43e50c 100644
--- a/vendors.txt
+++ b/vendors.txt
@@ -0,0 +1 @@
+ad
\ No newline at end of file

Nilesh@DESKTOP-L5P4U6B MINGW64 /f/GitTest (main)
$ git diff --staged

Nilesh@DESKTOP-L5P4U6B MINGW64 /f/GitTest (main)
$ git add vendors
vendors - Copy.txt  vendors.txt

Nilesh@DESKTOP-L5P4U6B MINGW64 /f/GitTest (main)
$ git add "vendors - Copy.txt"

Nilesh@DESKTOP-L5P4U6B MINGW64 /f/GitTest (main)
$ git diff
diff --git a/vendors.txt b/vendors.txt
index e69de29..e43e50c 100644
--- a/vendors.txt
+++ b/vendors.txt
@@ -0,0 +1 @@
+ad
\ No newline at end of file

Nilesh@DESKTOP-L5P4U6B MINGW64 /f/GitTest (main)
$ git diff --staged
diff --git a/vendors - Copy.txt b/vendors - Copy.txt
new file mode 100644
index 0000000..e43e50c
--- /dev/null
+++ b/vendors - Copy.txt
@@ -0,0 +1 @@
+ad
\ No newline at end of file

Nilesh@DESKTOP-L5P4U6B MINGW64 /f/GitTest (main)
$ git reset
Unstaged changes after reset:
M       vendors.txt

Nilesh@DESKTOP-L5P4U6B MINGW64 /f/GitTest (main)
$ git add "vendors - Copy.txt"
fatal: pathspec 'vendors - Copy.txt' did not match any files

Nilesh@DESKTOP-L5P4U6B MINGW64 /f/GitTest (main)
$ git status
On branch main
Your branch is up to date with 'origin/main'.

Changes not staged for commit:
  (use "git add <file>..." to update what will be committed)
  (use "git restore <file>..." to discard changes in working directory)
        modified:   vendors.txt

no changes added to commit (use "git add" and/or "git commit -a")

Nilesh@DESKTOP-L5P4U6B MINGW64 /f/GitTest (main)
$ git log
commit 76da6f5857f444d154e71f2b7edf16744eb9f5c6 (HEAD -> main, origin/main)
Author: Nilesh Bhanushali <bhanuu@gmail.com>
Date:   Tue Jul 20 20:38:35 2021 +0530

    2nd commit

commit 421724a027110c6db9c076c7236b1a558ea57278 (master)
Author: Nilesh Bhanushali <bhanuu@gmail.com>
Date:   Tue Jul 20 20:12:12 2021 +0530

    first commit

Nilesh@DESKTOP-L5P4U6B MINGW64 /f/GitTest (main)
$ git log -1
commit 76da6f5857f444d154e71f2b7edf16744eb9f5c6 (HEAD -> main, origin/main)
Author: Nilesh Bhanushali <bhanuu@gmail.com>
Date:   Tue Jul 20 20:38:35 2021 +0530

    2nd commit

Nilesh@DESKTOP-L5P4U6B MINGW64 /f/GitTest (main)
$ git log --oneline
76da6f5 (HEAD -> main, origin/main) 2nd commit
421724a (master) first commit

Nilesh@DESKTOP-L5P4U6B MINGW64 /f/GitTest (main)
$ git log --stat
commit 76da6f5857f444d154e71f2b7edf16744eb9f5c6 (HEAD -> main, origin/main)
Author: Nilesh Bhanushali <bhanuu@gmail.com>
Date:   Tue Jul 20 20:38:35 2021 +0530

    2nd commit

 vendors.txt | 0
 1 file changed, 0 insertions(+), 0 deletions(-)

commit 421724a027110c6db9c076c7236b1a558ea57278 (master)
Author: Nilesh Bhanushali <bhanuu@gmail.com>
Date:   Tue Jul 20 20:12:12 2021 +0530

    first commit

 README.md | 1 +
 1 file changed, 1 insertion(+)

Nilesh@DESKTOP-L5P4U6B MINGW64 /f/GitTest (main)
$ git checkout -b new_branch
Switched to a new branch 'new_branch'

Nilesh@DESKTOP-L5P4U6B MINGW64 /f/GitTest (new_branch)
$ git branch
  main
  master
* new_branch

Nilesh@DESKTOP-L5P4U6B MINGW64 /f/GitTest (new_branch)
$ git add vendors.txt

Nilesh@DESKTOP-L5P4U6B MINGW64 /f/GitTest (new_branch)
$ git commit -m "first branch"
[new_branch e762417] first branch
 1 file changed, 1 insertion(+)

Nilesh@DESKTOP-L5P4U6B MINGW64 /f/GitTest (new_branch)
$ git push
fatal: The current branch new_branch has no upstream branch.
To push the current branch and set the remote as upstream, use

    git push --set-upstream origin new_branch


Nilesh@DESKTOP-L5P4U6B MINGW64 /f/GitTest (new_branch)
$ git push --set-upstream origin new_branch
Enumerating objects: 5, done.
Counting objects: 100% (5/5), done.
Delta compression using up to 4 threads
Compressing objects: 100% (2/2), done.
Writing objects: 100% (3/3), 287 bytes | 287.00 KiB/s, done.
Total 3 (delta 0), reused 0 (delta 0), pack-reused 0
remote:
remote: Create a pull request for 'new_branch' on GitHub by visiting:
remote:      https://github.com/bh-nil/GitTest/pull/new/new_branch
remote:
To https://github.com/bh-nil/GitTest.git
 * [new branch]      new_branch -> new_branch
Branch 'new_branch' set up to track remote branch 'new_branch' from 'origin'.

Nilesh@DESKTOP-L5P4U6B MINGW64 /f/GitTest (new_branch)
$ git switch master
Switched to branch 'master'

Nilesh@DESKTOP-L5P4U6B MINGW64 /f/GitTest (master)
$ git switch main
Switched to branch 'main'
Your branch is up to date with 'origin/main'.

Nilesh@DESKTOP-L5P4U6B MINGW64 /f/GitTest (main)
$ touch ad

Nilesh@DESKTOP-L5P4U6B MINGW64 /f/GitTest (main)
$ git status
On branch main
Your branch is up to date with 'origin/main'.

Untracked files:
  (use "git add <file>..." to include in what will be committed)
        ad

nothing added to commit but untracked files present (use "git add" to track)

Nilesh@DESKTOP-L5P4U6B MINGW64 /f/GitTest (main)
$ git status
On branch main
Your branch is up to date with 'origin/main'.

nothing to commit, working tree clean

Nilesh@DESKTOP-L5P4U6B MINGW64 /f/GitTest (main)
$ git merge new_branch
Updating 76da6f5..e762417
Fast-forward
 vendors.txt | 1 +
 1 file changed, 1 insertion(+)

Nilesh@DESKTOP-L5P4U6B MINGW64 /f/GitTest (main)
$ git status
On branch main
Your branch is ahead of 'origin/main' by 1 commit.
  (use "git push" to publish your local commits)

nothing to commit, working tree clean

Nilesh@DESKTOP-L5P4U6B MINGW64 /f/GitTest (main)
$ git push
Total 0 (delta 0), reused 0 (delta 0), pack-reused 0
To https://github.com/bh-nil/GitTest.git
   76da6f5..e762417  main -> main

Nilesh@DESKTOP-L5P4U6B MINGW64 /f/GitTest (main)
$
